Return	[$["function":YPDaemons (`none), "progress_label":"Stoping running daemons.", "save_label":"Stop running daemons."], $["function":SaveVariables (`none), "progress_label":"Setting config variables.", "save_label":"Set config variables."]]
Return	[$["function":YPGetMaps (), "progress_label":"Gettins maps from master.", "save_label":"Get maps from master."], $["function":SaveVariables (`slave), "progress_label":"Setting config variables.", "save_label":"Set config variables."], $["function":SaveSecurenets (), "progress_label":"Saving hosts allowed to query server.", "save_label":"Save hosts allowed to query server."], $["function":YPDaemons (`slave), "progress_label":"Starting daemon.", "save_label":"Start daemon."]]
Return	[$["function":SaveVariables (`master), "progress_label":"Setting config variables.", "save_label":"Set config variables."], $["function":SaveSecurenets (), "progress_label":"Saving hosts allowed to query server.", "save_label":"Save hosts allowed to query server."], $["function":YPDaemons (`master), "progress_label":"Starting daemons.", "save_label":"Start daemons."], $["function":YPMake (), "progress_label":"Creating database.", "save_label":"Create initial database."]]
