Dump	YPMakefileVars
Read	.target.size "/var/yp/Makefile" 42
Read	.var.yp.makefile.MERGE_GROUP "true"
Read	.var.yp.makefile.MERGE_PASSWD "true"
Read	.var.yp.makefile.MINGID "100"
Read	.var.yp.makefile.MINUID "100"
Read	.var.yp.makefile.NOPUSH "true"
Read	.var.yp.makefile.maps ["passwd", "group", "rpc", "services", "netid"]
Return	$[".var.yp.makefile.MERGE_GROUP":"true", ".var.yp.makefile.MERGE_PASSWD":"true", ".var.yp.makefile.MINGID":"100", ".var.yp.makefile.MINUID":"100", ".var.yp.makefile.NOPUSH":"true", ".var.yp.makefile.maps":["passwd", "group", "rpc", "services", "netid"]]
Dump	YPServerVars
Read	.target.size "/etc/sysconfig/ypserv" 42
Read	.rc.ypserver.YPPWD_CHFN "no"
Read	.rc.ypserver.YPPWD_CHSH "no"
Read	.rc.ypserver.YPPWD_SRCDIR "/etc"
Return	$[".rc.ypserver.YPPWD_CHFN":"no", ".rc.ypserver.YPPWD_CHSH":"no", ".rc.ypserver.YPPWD_SRCDIR":"/etc"]
Dump	YPSystemVars
Read	.target.size "/etc/defaultdomain" 42
Read	.etc.defaultdomain "local"
Return	$[".etc.defaultdomain":"local"]
Dump	YPSecurenets
Read	.target.size "/var/yp/securenets" 42
Read	.var.yp.securenets [$["netmask":"255.0.0.0", "network":"127.0.0.0"]]
Return	$[".var.yp.securenets":[$["netmask":"255.0.0.0", "network":"127.0.0.0"]]]
Dump	YPServers
Read	.target.size "/var/yp/ypservers" 42
Read	.var.yp.ypservers []
Return	$[".var.yp.ypservers":[]]
