Return	true
Return	false
Return	true
Return	false
Return	true
Return	false
Return	false
Return	false
Return	false
Return	false
Dump	getMaster
Return	nil
Read	.target.size "/var/yp/testdomain" -1
Return	nil
Read	.target.size "/var/yp/testdomain" 42
Read	.target.dir "/var/yp/testdomain" []
Return	nil
Read	.target.size "/var/yp/testdomain" 42
Read	.target.dir "/var/yp/testdomain" ["map1", "map2"]
Execute	.target.bash_output "/usr/lib/yp/makedbm -u /var/yp/testdomain/map1 | grep ^YP_MASTER_NAME" $["exit":1, "stderr":"", "stdout":""]
Return	nil
Read	.target.size "/var/yp/testdomain" 42
Read	.target.dir "/var/yp/testdomain" ["map1", "map2"]
Execute	.target.bash_output "/usr/lib/yp/makedbm -u /var/yp/testdomain/map1 | grep ^YP_MASTER_NAME" $["exit":0, "stderr":"", "stdout":"YP_MASTER_NAME nismaster.foo.com\n"]
Return	nismaster.foo.com
Dump	isYPMaster
Read	.target.size "/var/yp/testdomain" 42
Read	.target.dir "/var/yp/testdomain" ["map1", "map2"]
Execute	.target.bash_output "/usr/lib/yp/makedbm -u /var/yp/testdomain/map1 | grep ^YP_MASTER_NAME" $["exit":0, "stderr":"", "stdout":"YP_MASTER_NAME nismaster.foo.com\n"]
Execute	.target.bash_output "/usr/lib/yp/yphelper --hostname" $["exit":1, "stderr":"", "stdout":""]
Return	false
Read	.target.size "/var/yp/testdomain" 42
Read	.target.dir "/var/yp/testdomain" ["map1", "map2"]
Execute	.target.bash_output "/usr/lib/yp/makedbm -u /var/yp/testdomain/map1 | grep ^YP_MASTER_NAME" $["exit":0, "stderr":"", "stdout":"YP_MASTER_NAME nismaster.foo.com\n"]
Execute	.target.bash_output "/usr/lib/yp/yphelper --hostname" $["exit":0, "stderr":"", "stdout":"nisslave.foo.com\n"]
Return	false
Read	.target.size "/var/yp/testdomain" 42
Read	.target.dir "/var/yp/testdomain" ["map1", "map2"]
Execute	.target.bash_output "/usr/lib/yp/makedbm -u /var/yp/testdomain/map1 | grep ^YP_MASTER_NAME" $["exit":0, "stderr":"", "stdout":"YP_MASTER_NAME nismaster.foo.com\n"]
Execute	.target.bash_output "/usr/lib/yp/yphelper --hostname" $["exit":0, "stderr":"", "stdout":"nismaster.foo.com\n"]
Return	true
