Dump	slave
Write	.etc.defaultdomain "thedomain" true
Return	nil
Dump	master
Write	.etc.defaultdomain "thedomain" true
Write	.sysconfig.ypserv.YPPWD_SRCDIR "/etc" true
Write	.var.yp.makefile.MERGE_PASSWD "true" true
Write	.sysconfig.ypserv nil true
Write	.var.yp.makefile nil true
Return	nil
